---
source: crates/pixi-build/src/bin/pixi-build-cmake/cmake.rs
expression: recipe.unwrap()
---
schema_version: 1
context: {}
package:
  name: test-reqs
  version: "1.0"
build:
  number: 0
  script: "[ ... script ... ]"
requirements:
  build:
    - boltons *
    - "... compiler ..."
  host:
    - hatchling *
    - cmake *
    - ninja *
  run:
    - foobar ==3.2.1
