---
source: crates/pixi-build-mojo/src/main.rs
expression: generated_recipe.recipe
---
context: {}
package:
  name: foobar
  version: 0.1.0
source: []
build:
  number: ~
  script:
    content:
      - mojo --version
      - "\t"
      - "\t\tmojo build -i . ./main.mojo -o $PREFIX/bin/example"
      - "\t"
      - ""
      - "\tmojo package -i . mylib -o $PREFIX/lib/mojo/lib.mojopkg"
    env: {}
    secrets: []
requirements:
  build:
    - mojo-compiler
  host: []
  run:
    - boltons
  run_constraints: []
tests: []
about: ~
extra: ~
