---
source: crates/pixi-build-mojo/src/main.rs
expression: generated_recipe.recipe
---
context: {}
package:
  name: foobar
  version: 0.1.0
source: []
build:
  number: ~
  script: "[ ... script ... ]"
requirements:
  build:
    - mojo-compiler
  host: []
  run:
    - boltons
  run_constraints: []
tests: []
about:
  homepage: ~
  license: ~
  license_file: ~
  summary: ~
  description: ~
  documentation: ~
  repository: ~
extra: ~
