---
source: crates/pixi-build-mojo/src/main.rs
expression: generated_recipe.recipe.build.script
---
content: "[ ... script ... ]"
env:
  foo: bar
secrets: []
