---
source: crates/pixi-build-rust/src/main.rs
expression: generated_recipe.recipe
---
context: {}
package:
  name: foobar
  version: 0.1.0
source:
  - path: "[ ... path ... ]"
    sha256: ~
build:
  number: ~
  script: "[ ... script ... ]"
requirements:
  build:
    - rust
  host: []
  run:
    - boltons
  run_constraints: []
tests: []
about: ~
extra: ~
