---
source: crates/pixi-build-rust/src/main.rs
expression: generated_recipe.recipe
snapshot_kind: text
---
context: {}
package:
  name: foobar
  version: 0.1.0
source: []
build:
  number: ~
  script: "[ ... script ... ]"
requirements:
  build:
    - "${{ compiler('rust') }}"
  host: []
  run:
    - boltons
  run_constraints: []
tests: []
about: ~
extra: ~
