---
source: crates/pixi-build-rattler-build/src/protocol.rs
expression: conda_outputs_snapshot(result)
input_file: tests/recipe/pin-subpackage/recipe.yaml
---
{
  "outputs": [
    {
      "metadata": {
        "name": "my-package",
        "version": "0.1.0",
        "build": "h4616a5c_0",
        "buildNumber": 0,
        "subdir": "noarch",
        "noarch": "generic",
        "variant": {
          "target_platform": "noarch"
        }
      }
    },
    {
      "metadata": {
        "name": "my-package-a",
        "version": "0.1.0",
        "build": "hc811278_0",
        "buildNumber": 0,
        "subdir": "noarch",
        "noarch": "generic",
        "variant": {
          "my-package": "0.1.0 h4616a5c_0",
          "target_platform": "noarch"
        }
      },
      "runDependencies": {
        "depends": [
          {
            "name": "my-package",
            "source": {
              "Path": {
                "path": "."
              }
            }
          }
        ]
      }
    }
  ],
  "inputGlobs": [
    "variants.yaml"
  ]
}
