---
source: crates/pixi-build-rattler-build/src/protocol.rs
expression: "serde_json::to_string_pretty(&value).unwrap()"
input_file: tests/recipe/sub_packages/recipe.yaml
---
{
  "outputs": [
    {
      "identifier": {
        "name": "my-package",
        "version": "0.1.0",
        "build": "h4616a5c_0",
        "buildNumber": 0,
        "subdir": "noarch",
        "noarch": "generic"
      }
    },
    {
      "identifier": {
        "name": "my-package-a",
        "version": "0.1.0",
        "build": "hc811278_0",
        "buildNumber": 0,
        "subdir": "noarch",
        "noarch": "generic"
      },
      "runDependencies": {
        "depends": [
          {
            "name": "my-package",
            "source": {
              "Path": {
                "path": "."
              }
            }
          }
        ]
      }
    }
  ],
  "inputGlobs": [
    "variants.yaml"
  ]
}
