---
source: crates/pixi-build-zig/src/build_script.rs
expression: script
---
zig build --prefix $PREFIX -Doptimize=ReleaseFast
